
============================================================
Error: Unterminated string starting at: line 240 column 23 (char 22749)
Response:
```json
{
  "overall_summary": {
    "personal_note": "Student, this is a really solid first attempt at Task 1! You've demonstrated strong foundational skills in data description, and your essay is well-organized and easy to follow. What impressed me most is your accurate data reporting and clear overview—these are critical elements that many students struggle with. With some focused work on sentence variety and more sophisticated comparison language, you're well-positioned to push toward Band 7.5+.",
    "score_snapshot": {
      "task_achievement": {
        "band": 7.0,
        "status": "Strong—clear overview and accurate data selection"
      },
      "coherence_cohesion": {
        "band": 7.5,
        "status": "Excellent—logical organization and smooth flow"
      },
      "lexical_resource": {
        "band": 7.0,
        "status": "Good—accurate vocabulary with room for variety"
      },
      "grammatical_range": {
        "band": 6.5,
        "status": "Developing—needs more complex structures"
      }
    },
    "superpower": "Your data accuracy is exceptional, Student! Every figure you reported matches the chart perfectly (\"City D recorded the highest figure at about 240 litres,\" \"City C had the lowest consumption at about 160 litres\"). This precision shows excellent attention to detail and builds examiner confidence in your work.",
    "priority": "Your biggest opportunity is expanding your grammatical range. While your sentences are accurate, they follow similar patterns throughout. Adding more complex comparative structures and varied sentence openings will help you reach Band 7+ in grammar."
  },
  "task_achievement": {
    "band": 7.0,
    "assessment": "Strong performance with clear overview and comprehensive data coverage",
    "what_it_means": "Task Achievement for Task 1 measures whether you've provided a clear overview of main trends, selected the most significant features from the data, made relevant comparisons, and reported figures acc...

============================================================
Error: Unterminated string starting at: line 245 column 23 (char 23064)
Response:
```json
{
  "overall_summary": {
    "personal_note": "Student, this is an impressive first attempt at IELTS Task 1! You've demonstrated a solid understanding of what the examiners are looking for: a clear overview, accurate data reporting, and logical organization. Your essay reads smoothly and shows you can handle the core requirements of describing visual data. There's definitely room to push your score even higher with some strategic improvements to your vocabulary range and comparison techniques.",
    "score_snapshot": {
      "task_achievement": {
        "band": 8.0,
        "status": "Strong - excellent overview and data selection"
      },
      "coherence_cohesion": {
        "band": 7.5,
        "status": "Very Good - logical flow with room for more sophisticated linking"
      },
      "lexical_resource": {
        "band": 7.0,
        "status": "Good - accurate but could use more variety in comparison language"
      },
      "grammatical_range": {
        "band": 7.5,
        "status": "Very Good - accurate with good sentence variety"
      }
    },
    "superpower": "Your strongest skill is Task Achievement - you wrote an excellent overview that captures the main trend ('most cities showed a downward trend... with the exception of City A'), and you selected the most significant data points without overwhelming the reader. This is exactly what examiners want to see!",
    "priority": "Your biggest opportunity for improvement is expanding your comparison vocabulary. While your data is accurate, you tend to describe cities individually rather than making direct comparisons (e.g., 'City D consumed twice as much as City A' or 'City B's consumption was significantly higher than City C's')."
  },
  "task_achievement": {
    "band": 8.0,
    "assessment": "Excellent performance in Task Achievement, Student. You've hit all the key requirements: a clear overview, accurate data reporting, and appropriate selection of significant features.",
    "what_it_means":...

============================================================
Error: Unterminated string starting at: line 286 column 9 (char 23670)
Response:
```json
{
  "overall_summary": {
    "personal_note": "Student, this is a solid first attempt at Task 1! You've demonstrated a clear understanding of what the task requires: you included an overview, made relevant comparisons, and organized your response logically. Your data description is accurate and your essay flows well. The examiner's Band 7.0 reflects genuine competence in describing visual data. With some focused work on sentence variety and avoiding the copied introduction, you're well-positioned to push toward Band 7.5+.",
    "scores": {
      "task_achievement": {
        "band": 7.0,
        "status": "Strong - overview present, key features covered"
      },
      "coherence_cohesion": {
        "band": 7.5,
        "status": "Excellent - logical flow and clear organization"
      },
      "lexical_resource": {
        "band": 7.0,
        "status": "Good - appropriate vocabulary with room for variety"
      },
      "grammatical_range": {
        "band": 6.5,
        "status": "Needs work - limited sentence variety"
      }
    },
    "superpower": "Your strongest skill is organizing data logically. You grouped cities effectively (\"City B and City E followed\"), made clear comparisons (\"City D still remained the highest\"), and structured your response with a proper overview followed by chronological details. This shows you understand how to synthesize information rather than just listing numbers.",
    "priority": "Your biggest opportunity is expanding your grammatical range. While your sentences are accurate, they follow similar patterns (simple subject-verb-object structures). Adding more complex sentences with clauses, relative pronouns, and varied structures will help you reach Band 7.5+ in grammar."
  },
  "task_achievement": {
    "band": 7.0,
    "assessment": "You've achieved the core requirements of Task 1 effectively. Your overview identifies the main trend (\"water consumption decreased in most cities\") and highlights extremes. You cover...

============================================================
Error: Unterminated string starting at: line 258 column 23 (char 22679)
Response:
```json
{
  "overall_summary": {
    "personal_note": "Hi TestStudent! Thank you for submitting your first Task 1 essay. I can see you understand the basic structure of describing data and you've included an overview, which shows good awareness. However, we need to address some critical issues right away: your essay is only 40 words when IELTS requires a minimum of 150 words. This alone will severely limit your score, regardless of quality. Let's work together to build your confidence in writing fuller, more detailed responses while developing your comparison skills!",
    "score_snapshot": {
      "task_achievement": "4.0 - Minimal coverage, missing key features",
      "coherence_cohesion": "5.0 - Basic organization but no paragraphing",
      "lexical_resource": "4.0 - Very limited vocabulary range",
      "grammatical_range": "5.0 - Simple structures only"
    },
    "superpower": "You understand that an overview is necessary and you attempted to identify a trend (decreasing water usage). This awareness of Task 1 requirements is your foundation to build on!",
    "priority": "URGENT: Meeting the 150-word minimum while learning to make comparisons between cities and describe ALL key features, not just two cities."
  },
  "task_achievement": {
    "band": "4.0",
    "assessment": "TestStudent, your Task Achievement score is significantly impacted by three critical issues: (1) the essay is far too short at only 40 words, (2) you only described 2 out of 5 cities, and (3) you listed data without making any comparisons. Task Achievement for bar charts specifically requires you to identify the highest and lowest values, compare categories, and cover all significant features.",
    "strengths": [
      {
        "point": "You included an overview statement",
        "evidence": "You wrote 'Overall, most cities decreased water usage' which shows you understand that Task 1 requires a summary of the main trend.",
        "why_good": "Having an overview is MANDATORY for Ban...

============================================================
Error: Unterminated string starting at: line 259 column 32 (char 21989)
Response:
```json
{
  "overall_summary": {
    "personal_note": "Hi TestStudent! Thank you for submitting your first Task 1 essay. I can see you understand the basic structure of describing data and you've attempted an overview, which shows good awareness. However, at 40 words, this essay is significantly under the 150-word minimum, which automatically limits your score. The good news? You have a solid foundation to build on, and with focused practice on expanding your descriptions and using comparison language, you can make rapid progress!",
    "score_snapshot": {
      "task_achievement": {
        "band": 4.0,
        "status": "NEEDS_WORK",
        "key_issue": "Word count under 150 words (only 40) and only 2 out of 5 cities described"
      },
      "coherence_cohesion": {
        "band": 5.0,
        "status": "DEVELOPING",
        "key_issue": "No paragraphing - everything in one block"
      },
      "lexical_resource": {
        "band": 4.0,
        "status": "NEEDS_WORK",
        "key_issue": "Extremely limited vocabulary range with basic repetition"
      },
      "grammatical_range": {
        "band": 5.0,
        "status": "DEVELOPING",
        "key_issue": "Only simple sentences - no complex structures attempted"
      }
    },
    "superpower": "You understand that Task 1 requires an overview statement, and you placed it logically at the end. You also reported data accurately - the numbers you mentioned match the chart correctly, which shows careful attention to detail!",
    "priority_focus": "Your immediate priority is reaching the 150-word minimum by describing ALL cities and using comparison language. Right now, you're listing data mechanically (\"City A used 150 litres. City B used 210 litres.\") without making any comparisons. Task 1 is about COMPARING and CONTRASTING data, not just listing numbers."
  },
  "task_achievement": {
    "band": 4.0,
    "assessment": "TestStudent, your Task Achievement is currently at Band 4.0, primarily because your essay i...

============================================================
Error: Expecting property name enclosed in double quotes: line 269 column 17 (char 22195)

============================================================
Error: Unterminated string starting at: line 260 column 22 (char 22764)
Response:
```json
{
  "overall_summary": {
    "personal_note": "Hi Student! Thank you for submitting your first Task 1 essay. I can see you've made a start by identifying some specific data points from the chart, which shows you understand the basic task. However, at just 25 words, this response is significantly under the 150-word minimum requirement, which has impacted your scores across all criteria. The good news? You have enormous room for growth, and I'm here to guide you through exactly what Task 1 requires. Let's build your skills step by step!",
    "score_snapshot": {
      "task_achievement": {
        "band": 4.0,
        "status": "NEEDS_WORK",
        "brief": "Missing overview and most key features; severely incomplete response"
      },
      "coherence_cohesion": {
        "band": 3.0,
        "status": "NEEDS_WORK",
        "brief": "No paragraphing or logical organization; minimal cohesive devices"
      },
      "lexical_resource": {
        "band": 3.0,
        "status": "NEEDS_WORK",
        "brief": "Extremely limited vocabulary range; basic words only"
      },
      "grammatical_range": {
        "band": 2.0,
        "status": "NEEDS_WORK",
        "brief": "Only simple sentences with subject-verb agreement errors"
      }
    },
    "superpower": "You can identify specific data points accurately - you correctly noted 'City D used 240 litres' and 'City B used 210 litres', showing you can read charts and extract numbers.",
    "priority": "Your immediate priority is understanding Task 1 structure and reaching the 150-word minimum. You need to learn what an overview is, how to organize your response into paragraphs, and how to describe ALL key features, not just two data points."
  },
  "task_achievement": {
    "band": 4.0,
    "assessment": "Student, your Task Achievement is currently at Band 4.0, which means your response is severely incomplete. Task 1 requires you to write at least 150 words and cover all the key features of the chart with an overvi...

============================================================
Error: Unterminated string starting at: line 281 column 9 (char 23241)
Response:
```json
{
  "overall_summary": {
    "personal_note": "Hello Student! Thank you for taking your first step with IELTS Writing Task 1. I can see you've made an attempt, and that takes courage. However, I need to be honest with you: this essay is far too short and doesn't meet the basic requirements of Task 1. The good news? Task 1 has a clear formula, and once you understand what's expected, you can improve dramatically. Let's work together to build your skills from the ground up.",
    "score_snapshot": {
      "task_achievement": {
        "band": 3.0,
        "status": "needs_significant_work"
      },
      "coherence_cohesion": {
        "band": 2.0,
        "status": "needs_significant_work"
      },
      "lexical_resource": {
        "band": 2.0,
        "status": "needs_significant_work"
      },
      "grammatical_range": {
        "band": 1.0,
        "status": "needs_significant_work"
      }
    },
    "superpower": "You've shown you can identify basic numerical data from a chart (\"City A had 100 litres. City B had 200 litres\"), which is the starting point for Task 1. This shows you understand that Task 1 requires reporting numbers.",
    "priority": "Understanding the minimum requirements for Task 1: writing at least 150 words, including an overview, making comparisons, and organizing your response into clear paragraphs. Right now, Student, your essay is only 18 words, which is critically below the requirement."
  },
  "task_achievement": {
    "band": 3.0,
    "assessment": "Student, your Task Achievement is at Band 3 because the response is extremely minimal and doesn't fulfill the basic requirements of describing a bar chart. Task 1 requires you to write at least 150 words, provide an overview of the main trends, describe key features with supporting data, and make comparisons between categories.",
    "strengths": [
      {
        "point": "You attempted to include specific data",
        "evidence": "You wrote \"City A had 100 litres\" and \"Cit...

============================================================
Error: Unterminated string starting at: line 291 column 11 (char 22321)
Response:
```json
{
  "overall_summary": {
    "personal_note": "Hi Student! I've just finished reviewing your Task 1 essay, and I can see you have a solid foundation to build on. You've included all the essential components—an overview, organized body paragraphs, and accurate data reporting. Your ability to identify the key trends (water consumption decreased in most cities) shows you understand what Task 1 requires. The main areas we need to work on are grammar accuracy (especially verb tenses and subject-verb agreement) and expanding your vocabulary range to avoid repetition. Let's get you from Band 6.0 to 6.5+ with some focused practice!",
    "score_snapshot": {
      "task_achievement": {
        "band": 6.5,
        "status": "Strong—good overview and data coverage"
      },
      "coherence_cohesion": {
        "band": 6.0,
        "status": "Solid—clear organization, needs smoother linking"
      },
      "lexical_resource": {
        "band": 5.5,
        "status": "Needs work—repetitive vocabulary, limited range"
      },
      "grammatical_range": {
        "band": 6.0,
        "status": "Developing—tense errors and agreement issues"
      }
    },
    "superpower": "Your superpower is DATA ACCURACY and OVERVIEW WRITING. You correctly identified that 'water consumption was decreased in most of the cities' and accurately reported all the numbers from the chart. You also structured your essay logically with separate paragraphs for each year—this shows you understand Task 1 organization!",
    "priority": "Your biggest opportunity is GRAMMATICAL ACCURACY, specifically verb tenses and subject-verb agreement. Fixing these patterns will immediately boost your score from 6.0 to 6.5+. We'll also work on vocabulary variety to eliminate repetition."
  },
  "task_achievement": {
    "band": 6.5,
    "assessment": "Student, your Task Achievement is strong! You've done exactly what Task 1 requires: provided an overview, covered all the key features, and reported data accurately...
