============================= test session starts =============================
platform win32 -- Python 3.13.6, pytest-9.0.2, pluggy-1.6.0 -- C:\Python313\python.exe
cachedir: .pytest_cache
rootdir: C:\Users\Honor\Desktop\═ютр  яряър (4)\Ai-Ielts-26-october\backend
plugins: anyio-4.10.0, langsmith-0.6.7, asyncio-1.3.0
asyncio: mode=Mode.STRICT, debug=False, asyncio_default_fixture_loop_scope=None, asyncio_default_test_loop_scope=function
collecting ... collected 18 items

ielts_writing/tests/test_task2_pipeline.py::TestPipelineOutputShape::test_pipeline_returns_correct_keys FAILED [  5%]
ielts_writing/tests/test_task2_pipeline.py::TestPipelineOutputShape::test_pipeline_returns_pydantic_models FAILED [ 11%]
ielts_writing/tests/test_task2_pipeline.py::TestPipelineOutputShape::test_pipeline_band_scores_accessible FAILED [ 16%]
ielts_writing/tests/test_task2_pipeline.py::TestResponseParsing::test_examiner_parses_valid_json FAILED [ 22%]
ielts_writing/tests/test_task2_pipeline.py::TestResponseParsing::test_examiner_parses_markdown_fenced_json FAILED [ 27%]
ielts_writing/tests/test_task2_pipeline.py::TestResponseParsing::test_explainer_parses_valid_json PASSED [ 33%]
ielts_writing/tests/test_task2_pipeline.py::TestResponseParsing::test_coach_parses_valid_json PASSED [ 38%]
ielts_writing/tests/test_task2_pipeline.py::TestMalformedResponseHandling::test_examiner_rejects_garbage_input PASSED [ 44%]
ielts_writing/tests/test_task2_pipeline.py::TestMalformedResponseHandling::test_explainer_rejects_garbage_input PASSED [ 50%]
ielts_writing/tests/test_task2_pipeline.py::TestMalformedResponseHandling::test_coach_rejects_garbage_input PASSED [ 55%]
ielts_writing/tests/test_task2_pipeline.py::TestMalformedResponseHandling::test_examiner_rejects_incomplete_json PASSED [ 61%]
ielts_writing/tests/test_task2_pipeline.py::TestMalformedResponseHandling::test_explainer_rejects_empty_json FAILED [ 66%]
ielts_writing/tests/test_task2_pipeline.py::TestBandScoreValidation::test_valid_half_band_scores PASSED [ 72%]
ielts_writing/tests/test_task2_pipeline.py::TestBandScoreValidation::test_invalid_band_score_not_half_increment PASSED [ 77%]
ielts_writing/tests/test_task2_pipeline.py::TestBandScoreValidation::test_band_score_out_of_range_high PASSED [ 83%]
ielts_writing/tests/test_task2_pipeline.py::TestBandScoreValidation::test_band_score_out_of_range_low PASSED [ 88%]
ielts_writing/tests/test_task2_pipeline.py::TestBandScoreValidation::test_band_score_zero_is_valid PASSED [ 94%]
ielts_writing/tests/test_task2_pipeline.py::TestBandScoreValidation::test_band_score_nine_is_valid PASSED [100%]

================================== FAILURES ===================================
_________ TestPipelineOutputShape.test_pipeline_returns_correct_keys __________

self = <ielts_writing.tests.test_task2_pipeline.TestPipelineOutputShape object at 0x000001F0E78FF390>

    @pytest.mark.asyncio
    async def test_pipeline_returns_correct_keys(self):
        """Pipeline result must have 'evaluation', 'explanation', 'coaching' keys."""
        pipeline = Task2Pipeline()
    
        # Mock all three LLM calls to return our fixtures
        with patch.object(
            pipeline.examiner, 'evaluate',
>           return_value=IELTSEvaluation.model_validate_json(MOCK_EXAMINER_RESPONSE)
                         ^^^^^^^^^^^^^^^^^^^^^^^^^^^^^^^^^^^^^^^^^^^^^^^^^^^^^^^^^^^
        ), patch.object(
            pipeline.explainer, 'explain',
            return_value=ExplainerOutput(**json.loads(MOCK_EXPLAINER_RESPONSE))
        ), patch.object(
            pipeline.coach, 'generate_plan',
            return_value=CoachOutput.model_validate_json(MOCK_COACH_RESPONSE)
        ):
E       pydantic_core._pydantic_core.ValidationError: 11 validation errors for IELTSEvaluation
E       prompt_analyzed
E         Field required [type=missing, input_value={'task_type_required': 'd...nding but lacks depth.'}, input_type=dict]
E           For further information visit https://errors.pydantic.dev/2.10/v/missing
E       analysis.word_count
E         Field required [type=missing, input_value={'thesis_analysis': {'the...ce_variety': 'limited'}}, input_type=dict]
E           For further information visit https://errors.pydantic.dev/2.10/v/missing
E       analysis.paragraph_count
E         Field required [type=missing, input_value={'thesis_analysis': {'the...ce_variety': 'limited'}}, input_type=dict]
E           For further information visit https://errors.pydantic.dev/2.10/v/missing
E       analysis.task_type_match
E         Field required [type=missing, input_value={'thesis_analysis': {'the...ce_variety': 'limited'}}, input_type=dict]
E           For further information visit https://errors.pydantic.dev/2.10/v/missing
E       analysis.circular_arguments_detected
E         Field required [type=missing, input_value={'thesis_analysis': {'the...ce_variety': 'limited'}}, input_type=dict]
E           For further information visit https://errors.pydantic.dev/2.10/v/missing
E       analysis.all_parts_addressed
E         Field required [type=missing, input_value={'thesis_analysis': {'the...ce_variety': 'limited'}}, input_type=dict]
E           For further information visit https://errors.pydantic.dev/2.10/v/missing
E       analysis.cliche_audit.total_cliche_count
E         Field required [type=missing, input_value={'tier1_cliches': ["In to...age_verdict': 'minimal'}, input_type=dict]
E           For further information visit https://errors.pydantic.dev/2.10/v/missing
E       analysis.vocabulary_range
E         Field required [type=missing, input_value={'thesis_analysis': {'the...ce_variety': 'limited'}}, input_type=dict]
E           For further information visit https://errors.pydantic.dev/2.10/v/missing
E       scoring_justification
E         Field required [type=missing, input_value={'task_type_required': 'd...nding but lacks depth.'}, input_type=dict]
E           For further information visit https://errors.pydantic.dev/2.10/v/missing
E       improvement_priorities
E         Field required [type=missing, input_value={'task_type_required': 'd...nding but lacks depth.'}, input_type=dict]
E           For further information visit https://errors.pydantic.dev/2.10/v/missing
E       evaluation_confidence
E         Field required [type=missing, input_value={'task_type_required': 'd...nding but lacks depth.'}, input_type=dict]
E           For further information visit https://errors.pydantic.dev/2.10/v/missing

ielts_writing\tests\test_task2_pipeline.py:55: ValidationError
------------------------------ Captured log call ------------------------------
WARNING  ielts_writing.agents.examiner.task2_examiner:task2_examiner.py:70 Task2Examiner using standard Anthropic key: sk-ant-api...
________ TestPipelineOutputShape.test_pipeline_returns_pydantic_models ________

self = <ielts_writing.tests.test_task2_pipeline.TestPipelineOutputShape object at 0x000001F0E78FF890>

    @pytest.mark.asyncio
    async def test_pipeline_returns_pydantic_models(self):
        """Pipeline values must be Pydantic model instances, not dicts."""
        pipeline = Task2Pipeline()
    
        with patch.object(
            pipeline.examiner, 'evaluate',
>           return_value=IELTSEvaluation.model_validate_json(MOCK_EXAMINER_RESPONSE)
                         ^^^^^^^^^^^^^^^^^^^^^^^^^^^^^^^^^^^^^^^^^^^^^^^^^^^^^^^^^^^
        ), patch.object(
            pipeline.explainer, 'explain',
            return_value=ExplainerOutput(**json.loads(MOCK_EXPLAINER_RESPONSE))
        ), patch.object(
            pipeline.coach, 'generate_plan',
            return_value=CoachOutput.model_validate_json(MOCK_COACH_RESPONSE)
        ):
E       pydantic_core._pydantic_core.ValidationError: 11 validation errors for IELTSEvaluation
E       prompt_analyzed
E         Field required [type=missing, input_value={'task_type_required': 'd...nding but lacks depth.'}, input_type=dict]
E           For further information visit https://errors.pydantic.dev/2.10/v/missing
E       analysis.word_count
E         Field required [type=missing, input_value={'thesis_analysis': {'the...ce_variety': 'limited'}}, input_type=dict]
E           For further information visit https://errors.pydantic.dev/2.10/v/missing
E       analysis.paragraph_count
E         Field required [type=missing, input_value={'thesis_analysis': {'the...ce_variety': 'limited'}}, input_type=dict]
E           For further information visit https://errors.pydantic.dev/2.10/v/missing
E       analysis.task_type_match
E         Field required [type=missing, input_value={'thesis_analysis': {'the...ce_variety': 'limited'}}, input_type=dict]
E           For further information visit https://errors.pydantic.dev/2.10/v/missing
E       analysis.circular_arguments_detected
E         Field required [type=missing, input_value={'thesis_analysis': {'the...ce_variety': 'limited'}}, input_type=dict]
E           For further information visit https://errors.pydantic.dev/2.10/v/missing
E       analysis.all_parts_addressed
E         Field required [type=missing, input_value={'thesis_analysis': {'the...ce_variety': 'limited'}}, input_type=dict]
E           For further information visit https://errors.pydantic.dev/2.10/v/missing
E       analysis.cliche_audit.total_cliche_count
E         Field required [type=missing, input_value={'tier1_cliches': ["In to...age_verdict': 'minimal'}, input_type=dict]
E           For further information visit https://errors.pydantic.dev/2.10/v/missing
E       analysis.vocabulary_range
E         Field required [type=missing, input_value={'thesis_analysis': {'the...ce_variety': 'limited'}}, input_type=dict]
E           For further information visit https://errors.pydantic.dev/2.10/v/missing
E       scoring_justification
E         Field required [type=missing, input_value={'task_type_required': 'd...nding but lacks depth.'}, input_type=dict]
E           For further information visit https://errors.pydantic.dev/2.10/v/missing
E       improvement_priorities
E         Field required [type=missing, input_value={'task_type_required': 'd...nding but lacks depth.'}, input_type=dict]
E           For further information visit https://errors.pydantic.dev/2.10/v/missing
E       evaluation_confidence
E         Field required [type=missing, input_value={'task_type_required': 'd...nding but lacks depth.'}, input_type=dict]
E           For further information visit https://errors.pydantic.dev/2.10/v/missing

ielts_writing\tests\test_task2_pipeline.py:77: ValidationError
------------------------------ Captured log call ------------------------------
WARNING  ielts_writing.agents.examiner.task2_examiner:task2_examiner.py:70 Task2Examiner using standard Anthropic key: sk-ant-api...
________ TestPipelineOutputShape.test_pipeline_band_scores_accessible _________

self = <ielts_writing.tests.test_task2_pipeline.TestPipelineOutputShape object at 0x000001F0E7ACC050>

    @pytest.mark.asyncio
    async def test_pipeline_band_scores_accessible(self):
        """Verify band scores are accessible from the pipeline result."""
        pipeline = Task2Pipeline()
    
        with patch.object(
            pipeline.examiner, 'evaluate',
>           return_value=IELTSEvaluation.model_validate_json(MOCK_EXAMINER_RESPONSE)
                         ^^^^^^^^^^^^^^^^^^^^^^^^^^^^^^^^^^^^^^^^^^^^^^^^^^^^^^^^^^^
        ), patch.object(
            pipeline.explainer, 'explain',
            return_value=ExplainerOutput(**json.loads(MOCK_EXPLAINER_RESPONSE))
        ), patch.object(
            pipeline.coach, 'generate_plan',
            return_value=CoachOutput.model_validate_json(MOCK_COACH_RESPONSE)
        ):
E       pydantic_core._pydantic_core.ValidationError: 11 validation errors for IELTSEvaluation
E       prompt_analyzed
E         Field required [type=missing, input_value={'task_type_required': 'd...nding but lacks depth.'}, input_type=dict]
E           For further information visit https://errors.pydantic.dev/2.10/v/missing
E       analysis.word_count
E         Field required [type=missing, input_value={'thesis_analysis': {'the...ce_variety': 'limited'}}, input_type=dict]
E           For further information visit https://errors.pydantic.dev/2.10/v/missing
E       analysis.paragraph_count
E         Field required [type=missing, input_value={'thesis_analysis': {'the...ce_variety': 'limited'}}, input_type=dict]
E           For further information visit https://errors.pydantic.dev/2.10/v/missing
E       analysis.task_type_match
E         Field required [type=missing, input_value={'thesis_analysis': {'the...ce_variety': 'limited'}}, input_type=dict]
E           For further information visit https://errors.pydantic.dev/2.10/v/missing
E       analysis.circular_arguments_detected
E         Field required [type=missing, input_value={'thesis_analysis': {'the...ce_variety': 'limited'}}, input_type=dict]
E           For further information visit https://errors.pydantic.dev/2.10/v/missing
E       analysis.all_parts_addressed
E         Field required [type=missing, input_value={'thesis_analysis': {'the...ce_variety': 'limited'}}, input_type=dict]
E           For further information visit https://errors.pydantic.dev/2.10/v/missing
E       analysis.cliche_audit.total_cliche_count
E         Field required [type=missing, input_value={'tier1_cliches': ["In to...age_verdict': 'minimal'}, input_type=dict]
E           For further information visit https://errors.pydantic.dev/2.10/v/missing
E       analysis.vocabulary_range
E         Field required [type=missing, input_value={'thesis_analysis': {'the...ce_variety': 'limited'}}, input_type=dict]
E           For further information visit https://errors.pydantic.dev/2.10/v/missing
E       scoring_justification
E         Field required [type=missing, input_value={'task_type_required': 'd...nding but lacks depth.'}, input_type=dict]
E           For further information visit https://errors.pydantic.dev/2.10/v/missing
E       improvement_priorities
E         Field required [type=missing, input_value={'task_type_required': 'd...nding but lacks depth.'}, input_type=dict]
E           For further information visit https://errors.pydantic.dev/2.10/v/missing
E       evaluation_confidence
E         Field required [type=missing, input_value={'task_type_required': 'd...nding but lacks depth.'}, input_type=dict]
E           For further information visit https://errors.pydantic.dev/2.10/v/missing

ielts_writing\tests\test_task2_pipeline.py:98: ValidationError
------------------------------ Captured log call ------------------------------
WARNING  ielts_writing.agents.examiner.task2_examiner:task2_examiner.py:70 Task2Examiner using standard Anthropic key: sk-ant-api...
_____________ TestResponseParsing.test_examiner_parses_valid_json _____________

raw_json = '{"task_type_required": "discussion", "task_type_detected": "discussion", "word_count": 156, "band_scores": {"task_res..., "strength_noted": "Clear topic sentence"}], "examiner_notes": "Student demonstrates understanding but lacks depth."}'

    def validate_evaluation(raw_json: str) -> IELTSEvaluation:
        """
        Parse and validate the LLM's output against the schema.
        Raises ValidationError if the output doesn't conform.
        """
        from pydantic import ValidationError
    
        try:
            data = json.loads(raw_json)
>           evaluation = IELTSEvaluation(**data)
                         ^^^^^^^^^^^^^^^^^^^^^^^
E           pydantic_core._pydantic_core.ValidationError: 11 validation errors for IELTSEvaluation
E           prompt_analyzed
E             Field required [type=missing, input_value={'task_type_required': 'd...nding but lacks depth.'}, input_type=dict]
E               For further information visit https://errors.pydantic.dev/2.10/v/missing
E           analysis.word_count
E             Field required [type=missing, input_value={'thesis_analysis': {'the...ce_variety': 'limited'}}, input_type=dict]
E               For further information visit https://errors.pydantic.dev/2.10/v/missing
E           analysis.paragraph_count
E             Field required [type=missing, input_value={'thesis_analysis': {'the...ce_variety': 'limited'}}, input_type=dict]
E               For further information visit https://errors.pydantic.dev/2.10/v/missing
E           analysis.task_type_match
E             Field required [type=missing, input_value={'thesis_analysis': {'the...ce_variety': 'limited'}}, input_type=dict]
E               For further information visit https://errors.pydantic.dev/2.10/v/missing
E           analysis.circular_arguments_detected
E             Field required [type=missing, input_value={'thesis_analysis': {'the...ce_variety': 'limited'}}, input_type=dict]
E               For further information visit https://errors.pydantic.dev/2.10/v/missing
E           analysis.all_parts_addressed
E             Field required [type=missing, input_value={'thesis_analysis': {'the...ce_variety': 'limited'}}, input_type=dict]
E               For further information visit https://errors.pydantic.dev/2.10/v/missing
E           analysis.cliche_audit.total_cliche_count
E             Field required [type=missing, input_value={'tier1_cliches': ["In to...age_verdict': 'minimal'}, input_type=dict]
E               For further information visit https://errors.pydantic.dev/2.10/v/missing
E           analysis.vocabulary_range
E             Field required [type=missing, input_value={'thesis_analysis': {'the...ce_variety': 'limited'}}, input_type=dict]
E               For further information visit https://errors.pydantic.dev/2.10/v/missing
E           scoring_justification
E             Field required [type=missing, input_value={'task_type_required': 'd...nding but lacks depth.'}, input_type=dict]
E               For further information visit https://errors.pydantic.dev/2.10/v/missing
E           improvement_priorities
E             Field required [type=missing, input_value={'task_type_required': 'd...nding but lacks depth.'}, input_type=dict]
E               For further information visit https://errors.pydantic.dev/2.10/v/missing
E           evaluation_confidence
E             Field required [type=missing, input_value={'task_type_required': 'd...nding but lacks depth.'}, input_type=dict]
E               For further information visit https://errors.pydantic.dev/2.10/v/missing

ielts_writing\schemas\task2.py:495: ValidationError

During handling of the above exception, another exception occurred:

self = <ielts_writing.tests.test_task2_pipeline.TestResponseParsing object at 0x000001F0E78FF750>

    def test_examiner_parses_valid_json(self):
        """Examiner should parse valid JSON into IELTSEvaluation."""
        examiner = Task2Examiner.__new__(Task2Examiner)
>       result = examiner._parse_response(MOCK_EXAMINER_RESPONSE)
                 ^^^^^^^^^^^^^^^^^^^^^^^^^^^^^^^^^^^^^^^^^^^^^^^^

ielts_writing\tests\test_task2_pipeline.py:124: 
_ _ _ _ _ _ _ _ _ _ _ _ _ _ _ _ _ _ _ _ _ _ _ _ _ _ _ _ _ _ _ _ _ _ _ _ _ _ _ _

self = <ielts_writing.agents.examiner.task2_examiner.Task2Examiner object at 0x000001F0E7ACCB00>
response_text = '{"task_type_required": "discussion", "task_type_detected": "discussion", "word_count": 156, "band_scores": {"task_res..., "strength_noted": "Clear topic sentence"}], "examiner_notes": "Student demonstrates understanding but lacks depth."}'

    def _parse_response(self, response_text: str) -> IELTSEvaluation:
        """Parse and validate JSON response from LLM.
    
        Args:
            response_text: Raw text response from LLM
    
        Returns:
            IELTSEvaluation: Validated Pydantic model
    
        Raises:
            ValueError: If JSON parsing or validation fails
        """
        content = response_text.strip()
    
        # Handle markdown fencing
        if "```json" in content:
            content = content.split("```json")[1].split("```")[0].strip()
        elif "```" in content:
            parts = content.split("```")
            if len(parts) >= 2:
                content = parts[1].strip()
    
        # Find JSON object boundaries
        if "{" in content and "}" in content:
            start = content.find("{")
            end = content.rfind("}") + 1
            content = content[start:end]
    
        # Validate using the schema function
>       return validate_evaluation(content)
               ^^^^^^^^^^^^^^^^^^^^^^^^^^^^

ielts_writing\agents\examiner\task2_examiner.py:178: 
_ _ _ _ _ _ _ _ _ _ _ _ _ _ _ _ _ _ _ _ _ _ _ _ _ _ _ _ _ _ _ _ _ _ _ _ _ _ _ _

raw_json = '{"task_type_required": "discussion", "task_type_detected": "discussion", "word_count": 156, "band_scores": {"task_res..., "strength_noted": "Clear topic sentence"}], "examiner_notes": "Student demonstrates understanding but lacks depth."}'

    def validate_evaluation(raw_json: str) -> IELTSEvaluation:
        """
        Parse and validate the LLM's output against the schema.
        Raises ValidationError if the output doesn't conform.
        """
        from pydantic import ValidationError
    
        try:
            data = json.loads(raw_json)
            evaluation = IELTSEvaluation(**data)
            return evaluation
        except json.JSONDecodeError as e:
            raise ValueError(f"Invalid JSON: {e}")
        except ValidationError as e:
>           raise ValueError(f"Schema validation failed: {e}")
E           ValueError: Schema validation failed: 11 validation errors for IELTSEvaluation
E           prompt_analyzed
E             Field required [type=missing, input_value={'task_type_required': 'd...nding but lacks depth.'}, input_type=dict]
E               For further information visit https://errors.pydantic.dev/2.10/v/missing
E           analysis.word_count
E             Field required [type=missing, input_value={'thesis_analysis': {'the...ce_variety': 'limited'}}, input_type=dict]
E               For further information visit https://errors.pydantic.dev/2.10/v/missing
E           analysis.paragraph_count
E             Field required [type=missing, input_value={'thesis_analysis': {'the...ce_variety': 'limited'}}, input_type=dict]
E               For further information visit https://errors.pydantic.dev/2.10/v/missing
E           analysis.task_type_match
E             Field required [type=missing, input_value={'thesis_analysis': {'the...ce_variety': 'limited'}}, input_type=dict]
E               For further information visit https://errors.pydantic.dev/2.10/v/missing
E           analysis.circular_arguments_detected
E             Field required [type=missing, input_value={'thesis_analysis': {'the...ce_variety': 'limited'}}, input_type=dict]
E               For further information visit https://errors.pydantic.dev/2.10/v/missing
E           analysis.all_parts_addressed
E             Field required [type=missing, input_value={'thesis_analysis': {'the...ce_variety': 'limited'}}, input_type=dict]
E               For further information visit https://errors.pydantic.dev/2.10/v/missing
E           analysis.cliche_audit.total_cliche_count
E             Field required [type=missing, input_value={'tier1_cliches': ["In to...age_verdict': 'minimal'}, input_type=dict]
E               For further information visit https://errors.pydantic.dev/2.10/v/missing
E           analysis.vocabulary_range
E             Field required [type=missing, input_value={'thesis_analysis': {'the...ce_variety': 'limited'}}, input_type=dict]
E               For further information visit https://errors.pydantic.dev/2.10/v/missing
E           scoring_justification
E             Field required [type=missing, input_value={'task_type_required': 'd...nding but lacks depth.'}, input_type=dict]
E               For further information visit https://errors.pydantic.dev/2.10/v/missing
E           improvement_priorities
E             Field required [type=missing, input_value={'task_type_required': 'd...nding but lacks depth.'}, input_type=dict]
E               For further information visit https://errors.pydantic.dev/2.10/v/missing
E           evaluation_confidence
E             Field required [type=missing, input_value={'task_type_required': 'd...nding but lacks depth.'}, input_type=dict]
E               For further information visit https://errors.pydantic.dev/2.10/v/missing

ielts_writing\schemas\task2.py:500: ValueError
________ TestResponseParsing.test_examiner_parses_markdown_fenced_json ________

raw_json = '{"task_type_required": "discussion", "task_type_detected": "discussion", "word_count": 156, "band_scores": {"task_res..., "strength_noted": "Clear topic sentence"}], "examiner_notes": "Student demonstrates understanding but lacks depth."}'

    def validate_evaluation(raw_json: str) -> IELTSEvaluation:
        """
        Parse and validate the LLM's output against the schema.
        Raises ValidationError if the output doesn't conform.
        """
        from pydantic import ValidationError
    
        try:
            data = json.loads(raw_json)
>           evaluation = IELTSEvaluation(**data)
                         ^^^^^^^^^^^^^^^^^^^^^^^
E           pydantic_core._pydantic_core.ValidationError: 11 validation errors for IELTSEvaluation
E           prompt_analyzed
E             Field required [type=missing, input_value={'task_type_required': 'd...nding but lacks depth.'}, input_type=dict]
E               For further information visit https://errors.pydantic.dev/2.10/v/missing
E           analysis.word_count
E             Field required [type=missing, input_value={'thesis_analysis': {'the...ce_variety': 'limited'}}, input_type=dict]
E               For further information visit https://errors.pydantic.dev/2.10/v/missing
E           analysis.paragraph_count
E             Field required [type=missing, input_value={'thesis_analysis': {'the...ce_variety': 'limited'}}, input_type=dict]
E               For further information visit https://errors.pydantic.dev/2.10/v/missing
E           analysis.task_type_match
E             Field required [type=missing, input_value={'thesis_analysis': {'the...ce_variety': 'limited'}}, input_type=dict]
E               For further information visit https://errors.pydantic.dev/2.10/v/missing
E           analysis.circular_arguments_detected
E             Field required [type=missing, input_value={'thesis_analysis': {'the...ce_variety': 'limited'}}, input_type=dict]
E               For further information visit https://errors.pydantic.dev/2.10/v/missing
E           analysis.all_parts_addressed
E             Field required [type=missing, input_value={'thesis_analysis': {'the...ce_variety': 'limited'}}, input_type=dict]
E               For further information visit https://errors.pydantic.dev/2.10/v/missing
E           analysis.cliche_audit.total_cliche_count
E             Field required [type=missing, input_value={'tier1_cliches': ["In to...age_verdict': 'minimal'}, input_type=dict]
E               For further information visit https://errors.pydantic.dev/2.10/v/missing
E           analysis.vocabulary_range
E             Field required [type=missing, input_value={'thesis_analysis': {'the...ce_variety': 'limited'}}, input_type=dict]
E               For further information visit https://errors.pydantic.dev/2.10/v/missing
E           scoring_justification
E             Field required [type=missing, input_value={'task_type_required': 'd...nding but lacks depth.'}, input_type=dict]
E               For further information visit https://errors.pydantic.dev/2.10/v/missing
E           improvement_priorities
E             Field required [type=missing, input_value={'task_type_required': 'd...nding but lacks depth.'}, input_type=dict]
E               For further information visit https://errors.pydantic.dev/2.10/v/missing
E           evaluation_confidence
E             Field required [type=missing, input_value={'task_type_required': 'd...nding but lacks depth.'}, input_type=dict]
E               For further information visit https://errors.pydantic.dev/2.10/v/missing

ielts_writing\schemas\task2.py:495: ValidationError

During handling of the above exception, another exception occurred:

self = <ielts_writing.tests.test_task2_pipeline.TestResponseParsing object at 0x000001F0E78FF9D0>

    def test_examiner_parses_markdown_fenced_json(self):
        """Examiner should handle JSON wrapped in ```json ... ``` fencing."""
        examiner = Task2Examiner.__new__(Task2Examiner)
        fenced = f"Here are results:\n```json\n{MOCK_EXAMINER_RESPONSE}\n```\nDone!"
>       result = examiner._parse_response(fenced)
                 ^^^^^^^^^^^^^^^^^^^^^^^^^^^^^^^^

ielts_writing\tests\test_task2_pipeline.py:132: 
_ _ _ _ _ _ _ _ _ _ _ _ _ _ _ _ _ _ _ _ _ _ _ _ _ _ _ _ _ _ _ _ _ _ _ _ _ _ _ _

self = <ielts_writing.agents.examiner.task2_examiner.Task2Examiner object at 0x000001F0E7ACE8B0>
response_text = 'Here are results:\n```json\n{"task_type_required": "discussion", "task_type_detected": "discussion", "word_count": 15...noted": "Clear topic sentence"}], "examiner_notes": "Student demonstrates understanding but lacks depth."}\n```\nDone!'

    def _parse_response(self, response_text: str) -> IELTSEvaluation:
        """Parse and validate JSON response from LLM.
    
        Args:
            response_text: Raw text response from LLM
    
        Returns:
            IELTSEvaluation: Validated Pydantic model
    
        Raises:
            ValueError: If JSON parsing or validation fails
        """
        content = response_text.strip()
    
        # Handle markdown fencing
        if "```json" in content:
            content = content.split("```json")[1].split("```")[0].strip()
        elif "```" in content:
            parts = content.split("```")
            if len(parts) >= 2:
                content = parts[1].strip()
    
        # Find JSON object boundaries
        if "{" in content and "}" in content:
            start = content.find("{")
            end = content.rfind("}") + 1
            content = content[start:end]
    
        # Validate using the schema function
>       return validate_evaluation(content)
               ^^^^^^^^^^^^^^^^^^^^^^^^^^^^

ielts_writing\agents\examiner\task2_examiner.py:178: 
_ _ _ _ _ _ _ _ _ _ _ _ _ _ _ _ _ _ _ _ _ _ _ _ _ _ _ _ _ _ _ _ _ _ _ _ _ _ _ _

raw_json = '{"task_type_required": "discussion", "task_type_detected": "discussion", "word_count": 156, "band_scores": {"task_res..., "strength_noted": "Clear topic sentence"}], "examiner_notes": "Student demonstrates understanding but lacks depth."}'

    def validate_evaluation(raw_json: str) -> IELTSEvaluation:
        """
        Parse and validate the LLM's output against the schema.
        Raises ValidationError if the output doesn't conform.
        """
        from pydantic import ValidationError
    
        try:
            data = json.loads(raw_json)
            evaluation = IELTSEvaluation(**data)
            return evaluation
        except json.JSONDecodeError as e:
            raise ValueError(f"Invalid JSON: {e}")
        except ValidationError as e:
>           raise ValueError(f"Schema validation failed: {e}")
E           ValueError: Schema validation failed: 11 validation errors for IELTSEvaluation
E           prompt_analyzed
E             Field required [type=missing, input_value={'task_type_required': 'd...nding but lacks depth.'}, input_type=dict]
E               For further information visit https://errors.pydantic.dev/2.10/v/missing
E           analysis.word_count
E             Field required [type=missing, input_value={'thesis_analysis': {'the...ce_variety': 'limited'}}, input_type=dict]
E               For further information visit https://errors.pydantic.dev/2.10/v/missing
E           analysis.paragraph_count
E             Field required [type=missing, input_value={'thesis_analysis': {'the...ce_variety': 'limited'}}, input_type=dict]
E               For further information visit https://errors.pydantic.dev/2.10/v/missing
E           analysis.task_type_match
E             Field required [type=missing, input_value={'thesis_analysis': {'the...ce_variety': 'limited'}}, input_type=dict]
E               For further information visit https://errors.pydantic.dev/2.10/v/missing
E           analysis.circular_arguments_detected
E             Field required [type=missing, input_value={'thesis_analysis': {'the...ce_variety': 'limited'}}, input_type=dict]
E               For further information visit https://errors.pydantic.dev/2.10/v/missing
E           analysis.all_parts_addressed
E             Field required [type=missing, input_value={'thesis_analysis': {'the...ce_variety': 'limited'}}, input_type=dict]
E               For further information visit https://errors.pydantic.dev/2.10/v/missing
E           analysis.cliche_audit.total_cliche_count
E             Field required [type=missing, input_value={'tier1_cliches': ["In to...age_verdict': 'minimal'}, input_type=dict]
E               For further information visit https://errors.pydantic.dev/2.10/v/missing
E           analysis.vocabulary_range
E             Field required [type=missing, input_value={'thesis_analysis': {'the...ce_variety': 'limited'}}, input_type=dict]
E               For further information visit https://errors.pydantic.dev/2.10/v/missing
E           scoring_justification
E             Field required [type=missing, input_value={'task_type_required': 'd...nding but lacks depth.'}, input_type=dict]
E               For further information visit https://errors.pydantic.dev/2.10/v/missing
E           improvement_priorities
E             Field required [type=missing, input_value={'task_type_required': 'd...nding but lacks depth.'}, input_type=dict]
E               For further information visit https://errors.pydantic.dev/2.10/v/missing
E           evaluation_confidence
E             Field required [type=missing, input_value={'task_type_required': 'd...nding but lacks depth.'}, input_type=dict]
E               For further information visit https://errors.pydantic.dev/2.10/v/missing

ielts_writing\schemas\task2.py:500: ValueError
_______ TestMalformedResponseHandling.test_explainer_rejects_empty_json _______

self = <ielts_writing.tests.test_task2_pipeline.TestMalformedResponseHandling object at 0x000001F0E7AE05F0>

    def test_explainer_rejects_empty_json(self):
        """Explainer should raise on empty JSON object."""
        explainer = Task2Explainer.__new__(Task2Explainer)
>       with pytest.raises((ValueError, Exception)):
             ^^^^^^^^^^^^^^^^^^^^^^^^^^^^^^^^^^^^^^
E       Failed: DID NOT RAISE any of (<class 'ValueError'>, <class 'Exception'>)

ielts_writing\tests\test_task2_pipeline.py:186: Failed
============================== warnings summary ===============================
..\..\..\..\AppData\Roaming\Python\Python313\site-packages\pydantic\_internal\_config.py:295
..\..\..\..\AppData\Roaming\Python\Python313\site-packages\pydantic\_internal\_config.py:295
..\..\..\..\AppData\Roaming\Python\Python313\site-packages\pydantic\_internal\_config.py:295
..\..\..\..\AppData\Roaming\Python\Python313\site-packages\pydantic\_internal\_config.py:295
..\..\..\..\AppData\Roaming\Python\Python313\site-packages\pydantic\_internal\_config.py:295
  C:\Users\Honor\AppData\Roaming\Python\Python313\site-packages\pydantic\_internal\_config.py:295: PydanticDeprecatedSince20: Support for class-based `config` is deprecated, use ConfigDict instead. Deprecated in Pydantic V2.0 to be removed in V3.0. See Pydantic V2 Migration Guide at https://errors.pydantic.dev/2.10/migration/
    warnings.warn(DEPRECATION_MESSAGE, DeprecationWarning)

agents\reading_feedback_agent.py:41
  C:\Users\Honor\Desktop\═ютр  яряър (4)\Ai-Ielts-26-october\backend\agents\reading_feedback_agent.py:41: PydanticDeprecatedSince20: Pydantic V1 style `@validator` validators are deprecated. You should migrate to Pydantic V2 style `@field_validator` validators, see the migration guide for more details. Deprecated in Pydantic V2.0 to be removed in V3.0. See Pydantic V2 Migration Guide at https://errors.pydantic.dev/2.10/migration/
    @validator('question_type')

agents\reading_feedback_agent.py:64
  C:\Users\Honor\Desktop\═ютр  яряър (4)\Ai-Ielts-26-october\backend\agents\reading_feedback_agent.py:64: PydanticDeprecatedSince20: Pydantic V1 style `@validator` validators are deprecated. You should migrate to Pydantic V2 style `@field_validator` validators, see the migration guide for more details. Deprecated in Pydantic V2.0 to be removed in V3.0. See Pydantic V2 Migration Guide at https://errors.pydantic.dev/2.10/migration/
    @validator('passage')

agents\reading_feedback_agent.py:71
  C:\Users\Honor\Desktop\═ютр  яряър (4)\Ai-Ielts-26-october\backend\agents\reading_feedback_agent.py:71: PydanticDeprecatedSince20: Pydantic V1 style `@validator` validators are deprecated. You should migrate to Pydantic V2 style `@field_validator` validators, see the migration guide for more details. Deprecated in Pydantic V2.0 to be removed in V3.0. See Pydantic V2 Migration Guide at https://errors.pydantic.dev/2.10/migration/
    @validator('student_answer', 'correct_answer')

ielts_writing/tests/test_task2_pipeline.py::TestResponseParsing::test_coach_parses_valid_json
ielts_writing/tests/test_task2_pipeline.py::TestResponseParsing::test_coach_parses_valid_json
  C:\Users\Honor\AppData\Roaming\Python\Python313\site-packages\pydantic\main.py:656: DeprecationWarning: datetime.datetime.utcnow() is deprecated and scheduled for removal in a future version. Use timezone-aware objects to represent datetimes in UTC: datetime.datetime.now(datetime.UTC).
    return cls.__pydantic_validator__.validate_json(json_data, strict=strict, context=context)

-- Docs: https://docs.pytest.org/en/stable/how-to/capture-warnings.html
=========================== short test summary info ===========================
FAILED ielts_writing/tests/test_task2_pipeline.py::TestPipelineOutputShape::test_pipeline_returns_correct_keys
FAILED ielts_writing/tests/test_task2_pipeline.py::TestPipelineOutputShape::test_pipeline_returns_pydantic_models
FAILED ielts_writing/tests/test_task2_pipeline.py::TestPipelineOutputShape::test_pipeline_band_scores_accessible
FAILED ielts_writing/tests/test_task2_pipeline.py::TestResponseParsing::test_examiner_parses_valid_json
FAILED ielts_writing/tests/test_task2_pipeline.py::TestResponseParsing::test_examiner_parses_markdown_fenced_json
FAILED ielts_writing/tests/test_task2_pipeline.py::TestMalformedResponseHandling::test_explainer_rejects_empty_json
================== 6 failed, 12 passed, 10 warnings in 0.76s ==================
